C:\apache-maven-3.9.11\bin\mvn.cmd : WARNING: A terminally deprecated method in sun.misc.Unsafe has been 
called
At line:1 char:1
+ C:\apache-maven-3.9.11\bin\mvn.cmd clean compile 2>&1 > build-output. ...
+ ~~~~~~~~~~~~~~~~~~~~~~~~~~~~~~~~~~~~~~~~~~~~~~~~~~~~~~~~~~~~~~~~~~~~~
    + CategoryInfo          : NotSpecified: (WARNING: A term...has been called:String) [], RemoteException
    + FullyQualifiedErrorId : NativeCommandError
 
WARNING: sun.misc.Unsafe::staticFieldBase has been called by 
com.google.inject.internal.aop.HiddenClassDefiner 
(file:/C:/apache-maven-3.9.11/lib/guice-5.1.0-classes.jar)
WARNING: Please consider reporting this to the maintainers of class 
com.google.inject.internal.aop.HiddenClassDefiner
WARNING: sun.misc.Unsafe::staticFieldBase will be removed in a future release
[INFO] Scanning for projects...
[INFO] 
[INFO] --------------< com.hospital:hospital-management-system >---------------
[INFO] Building Hospital Management System 1.0.0
[INFO]   from pom.xml
[INFO] --------------------------------[ jar ]---------------------------------
[INFO] 
[INFO] --- clean:3.3.2:clean (default-clean) @ hospital-management-system ---
[INFO] Deleting C:\Users\yaswa\Documents\HMS\hospital-management-system\target
[INFO] 
[INFO] --- resources:3.3.1:resources (default-resources) @ hospital-management-system ---
[INFO] Copying 1 resource from src\main\resources to target\classes
[INFO] Copying 0 resource from src\main\resources to target\classes
[INFO] 
[INFO] --- compiler:3.11.0:compile (default-compile) @ hospital-management-system ---
[INFO] Changes detected - recompiling the module! :source
[INFO] Compiling 44 source files with javac [debug release 17] to target\classes
[INFO] /C:/Users/yaswa/Documents/HMS/hospital-management-system/src/main/java/com/hospital/security/JwtTokenProvider.java: C:\Users\yaswa\Documents\HMS\hospital-management-system\src\main\java\com\hospital\security\JwtTokenProvider.java uses or overrides a deprecated API.
[INFO] /C:/Users/yaswa/Documents/HMS/hospital-management-system/src/main/java/com/hospital/security/JwtTokenProvider.java: Recompile with -Xlint:deprecation for details.
[INFO] -------------------------------------------------------------
[ERROR] COMPILATION ERROR : 
[INFO] -------------------------------------------------------------
[ERROR] /C:/Users/yaswa/Documents/HMS/hospital-management-system/src/main/java/com/hospital/exception/GlobalExceptionHandler.java:[26,9] cannot find symbol
  symbol:   variable log
  location: class com.hospital.exception.GlobalExceptionHandler
[ERROR] /C:/Users/yaswa/Documents/HMS/hospital-management-system/src/main/java/com/hospital/exception/GlobalExceptionHandler.java:[28,52] cannot find symbol
  symbol:   method builder()
  location: class com.hospital.exception.ErrorResponse
[ERROR] /C:/Users/yaswa/Documents/HMS/hospital-management-system/src/main/java/com/hospital/exception/GlobalExceptionHandler.java:[41,9] cannot find symbol
  symbol:   variable log
  location: class com.hospital.exception.GlobalExceptionHandler
[ERROR] /C:/Users/yaswa/Documents/HMS/hospital-management-system/src/main/java/com/hospital/exception/GlobalExceptionHandler.java:[43,52] cannot find symbol
  symbol:   method builder()
  location: class com.hospital.exception.ErrorResponse
[ERROR] /C:/Users/yaswa/Documents/HMS/hospital-management-system/src/main/java/com/hospital/exception/GlobalExceptionHandler.java:[56,9] cannot find symbol
  symbol:   variable log
  location: class com.hospital.exception.GlobalExceptionHandler
[ERROR] /C:/Users/yaswa/Documents/HMS/hospital-management-system/src/main/java/com/hospital/exception/GlobalExceptionHandler.java:[58,52] cannot find symbol
  symbol:   method builder()
  location: class com.hospital.exception.ErrorResponse
[ERROR] /C:/Users/yaswa/Documents/HMS/hospital-management-system/src/main/java/com/hospital/exception/GlobalExceptionHandler.java:[71,9] cannot find symbol
  symbol:   variable log
  location: class com.hospital.exception.GlobalExceptionHandler
[ERROR] /C:/Users/yaswa/Documents/HMS/hospital-management-system/src/main/java/com/hospital/exception/GlobalExceptionHandler.java:[80,52] cannot find symbol
  symbol:   method builder()
  location: class com.hospital.exception.ErrorResponse
[ERROR] /C:/Users/yaswa/Documents/HMS/hospital-management-system/src/main/java/com/hospital/exception/GlobalExceptionHandler.java:[94,9] cannot find symbol
  symbol:   variable log
  location: class com.hospital.exception.GlobalExceptionHandler
[ERROR] /C:/Users/yaswa/Documents/HMS/hospital-management-system/src/main/java/com/hospital/exception/GlobalExceptionHandler.java:[96,52] cannot find symbol
  symbol:   method builder()
  location: class com.hospital.exception.ErrorResponse
[ERROR] /C:/Users/yaswa/Documents/HMS/hospital-management-system/src/main/java/com/hospital/controller/PatientController.java:[31,9] cannot find symbol
  symbol:   variable log
  location: class com.hospital.controller.PatientController
[ERROR] /C:/Users/yaswa/Documents/HMS/hospital-management-system/src/main/java/com/hospital/controller/PatientController.java:[39,9] cannot find symbol
  symbol:   variable log
  location: class com.hospital.controller.PatientController
[ERROR] /C:/Users/yaswa/Documents/HMS/hospital-management-system/src/main/java/com/hospital/controller/PatientController.java:[47,9] cannot find symbol
  symbol:   variable log
  location: class com.hospital.controller.PatientController
[ERROR] /C:/Users/yaswa/Documents/HMS/hospital-management-system/src/main/java/com/hospital/controller/PatientController.java:[57,9] cannot find symbol
  symbol:   variable log
  location: class com.hospital.controller.PatientController
[ERROR] /C:/Users/yaswa/Documents/HMS/hospital-management-system/src/main/java/com/hospital/controller/PatientController.java:[65,9] cannot find symbol
  symbol:   variable log
  location: class com.hospital.controller.PatientController
[ERROR] /C:/Users/yaswa/Documents/HMS/hospital-management-system/src/main/java/com/hospital/controller/PatientController.java:[73,9] cannot find symbol
  symbol:   variable log
  location: class com.hospital.controller.PatientController
[ERROR] /C:/Users/yaswa/Documents/HMS/hospital-management-system/src/main/java/com/hospital/service/PatientService.java:[33,9] cannot find symbol
  symbol:   variable log
  location: class com.hospital.service.PatientService
[ERROR] /C:/Users/yaswa/Documents/HMS/hospital-management-system/src/main/java/com/hospital/service/PatientService.java:[33,56] cannot find symbol
  symbol:   method getEmail()
  location: variable patientDTO of type com.hospital.dto.PatientDTO
[ERROR] /C:/Users/yaswa/Documents/HMS/hospital-management-system/src/main/java/com/hospital/service/PatientService.java:[36,53] cannot find symbol
  symbol:   method getEmail()
  location: variable patientDTO of type com.hospital.dto.PatientDTO
[ERROR] /C:/Users/yaswa/Documents/HMS/hospital-management-system/src/main/java/com/hospital/service/PatientService.java:[37,84] cannot find symbol
  symbol:   method getEmail()
  location: variable patientDTO of type com.hospital.dto.PatientDTO
[ERROR] /C:/Users/yaswa/Documents/HMS/hospital-management-system/src/main/java/com/hospital/service/PatientService.java:[41,23] cannot find symbol
  symbol:   method getPhone()
  location: variable patientDTO of type com.hospital.dto.PatientDTO
[ERROR] /C:/Users/yaswa/Documents/HMS/hospital-management-system/src/main/java/com/hospital/service/PatientService.java:[41,86] cannot find symbol
  symbol:   method getPhone()
  location: variable patientDTO of type com.hospital.dto.PatientDTO
[ERROR] /C:/Users/yaswa/Documents/HMS/hospital-management-system/src/main/java/com/hospital/service/PatientService.java:[42,84] cannot find symbol
  symbol:   method getPhone()
  location: variable patientDTO of type com.hospital.dto.PatientDTO
[ERROR] /C:/Users/yaswa/Documents/HMS/hospital-management-system/src/main/java/com/hospital/service/PatientService.java:[48,9] cannot find symbol
  symbol:   variable log
  location: class com.hospital.service.PatientService
[ERROR] /C:/Users/yaswa/Documents/HMS/hospital-management-system/src/main/java/com/hospital/service/PatientService.java:[48,74] cannot find symbol
  symbol:   method getId()
  location: variable savedPatient of type com.hospital.entity.Patient
[ERROR] /C:/Users/yaswa/Documents/HMS/hospital-management-system/src/main/java/com/hospital/service/PatientService.java:[57,9] cannot find symbol
  symbol:   variable log
  location: class com.hospital.service.PatientService
[ERROR] /C:/Users/yaswa/Documents/HMS/hospital-management-system/src/main/java/com/hospital/service/PatientService.java:[70,9] cannot find symbol
  symbol:   variable log
  location: class com.hospital.service.PatientService
[ERROR] /C:/Users/yaswa/Documents/HMS/hospital-management-system/src/main/java/com/hospital/service/PatientService.java:[78,9] cannot find symbol
  symbol:   variable log
  location: class com.hospital.service.PatientService
[ERROR] /C:/Users/yaswa/Documents/HMS/hospital-management-system/src/main/java/com/hospital/service/PatientService.java:[84,40] cannot find symbol
  symbol:   method getFirstName()
  location: variable patientDTO of type com.hospital.dto.PatientDTO
[ERROR] /C:/Users/yaswa/Documents/HMS/hospital-management-system/src/main/java/com/hospital/service/PatientService.java:[85,39] cannot find symbol
  symbol:   method getLastName()
  location: variable patientDTO of type com.hospital.dto.PatientDTO
[ERROR] /C:/Users/yaswa/Documents/HMS/hospital-management-system/src/main/java/com/hospital/service/PatientService.java:[86,36] cannot find symbol
  symbol:   method getEmail()
  location: variable patientDTO of type com.hospital.dto.PatientDTO
[ERROR] /C:/Users/yaswa/Documents/HMS/hospital-management-system/src/main/java/com/hospital/service/PatientService.java:[87,36] cannot find symbol
  symbol:   method getPhone()
  location: variable patientDTO of type com.hospital.dto.PatientDTO
[ERROR] /C:/Users/yaswa/Documents/HMS/hospital-management-system/src/main/java/com/hospital/service/PatientService.java:[88,38] cannot find symbol
  symbol:   method getAddress()
  location: variable patientDTO of type com.hospital.dto.PatientDTO
[ERROR] /C:/Users/yaswa/Documents/HMS/hospital-management-system/src/main/java/com/hospital/service/PatientService.java:[89,34] cannot find symbol
  symbol:   method getAge()
  location: variable patientDTO of type com.hospital.dto.PatientDTO
[ERROR] /C:/Users/yaswa/Documents/HMS/hospital-management-system/src/main/java/com/hospital/service/PatientService.java:[90,40] cannot find symbol
  symbol:   method getBloodType()
  location: variable patientDTO of type com.hospital.dto.PatientDTO
[ERROR] /C:/Users/yaswa/Documents/HMS/hospital-management-system/src/main/java/com/hospital/service/PatientService.java:[91,37] cannot find symbol
  symbol:   method getGender()
  location: variable patientDTO of type com.hospital.dto.PatientDTO
[ERROR] /C:/Users/yaswa/Documents/HMS/hospital-management-system/src/main/java/com/hospital/service/PatientService.java:[94,9] cannot find symbol
  symbol:   variable log
  location: class com.hospital.service.PatientService
[ERROR] /C:/Users/yaswa/Documents/HMS/hospital-management-system/src/main/java/com/hospital/service/PatientService.java:[103,9] cannot find symbol
  symbol:   variable log
  location: class com.hospital.service.PatientService
[ERROR] /C:/Users/yaswa/Documents/HMS/hospital-management-system/src/main/java/com/hospital/service/PatientService.java:[109,9] cannot find symbol
  symbol:   variable log
  location: class com.hospital.service.PatientService
[ERROR] /C:/Users/yaswa/Documents/HMS/hospital-management-system/src/main/java/com/hospital/service/PatientService.java:[117,9] cannot find symbol
  symbol:   variable log
  location: class com.hospital.service.PatientService
[ERROR] /C:/Users/yaswa/Documents/HMS/hospital-management-system/src/main/java/com/hospital/service/PatientService.java:[127,26] cannot find symbol
  symbol:   method builder()
  location: class com.hospital.dto.PatientDTO
[ERROR] /C:/Users/yaswa/Documents/HMS/hospital-management-system/src/main/java/com/hospital/service/PatientService.java:[128,28] cannot find symbol
  symbol:   method getId()
  location: variable patient of type com.hospital.entity.Patient
[ERROR] /C:/Users/yaswa/Documents/HMS/hospital-management-system/src/main/java/com/hospital/service/PatientService.java:[129,35] cannot find symbol
  symbol:   method getFirstName()
  location: variable patient of type com.hospital.entity.Patient
[ERROR] /C:/Users/yaswa/Documents/HMS/hospital-management-system/src/main/java/com/hospital/service/PatientService.java:[130,34] cannot find symbol
  symbol:   method getLastName()
  location: variable patient of type com.hospital.entity.Patient
[ERROR] /C:/Users/yaswa/Documents/HMS/hospital-management-system/src/main/java/com/hospital/service/PatientService.java:[131,31] cannot find symbol
  symbol:   method getEmail()
  location: variable patient of type com.hospital.entity.Patient
[ERROR] /C:/Users/yaswa/Documents/HMS/hospital-management-system/src/main/java/com/hospital/service/PatientService.java:[132,31] cannot find symbol
  symbol:   method getPhone()
  location: variable patient of type com.hospital.entity.Patient
[ERROR] /C:/Users/yaswa/Documents/HMS/hospital-management-system/src/main/java/com/hospital/service/PatientService.java:[133,33] cannot find symbol
  symbol:   method getAddress()
  location: variable patient of type com.hospital.entity.Patient
[ERROR] /C:/Users/yaswa/Documents/HMS/hospital-management-system/src/main/java/com/hospital/service/PatientService.java:[134,29] cannot find symbol
  symbol:   method getAge()
  location: variable patient of type com.hospital.entity.Patient
[ERROR] /C:/Users/yaswa/Documents/HMS/hospital-management-system/src/main/java/com/hospital/service/PatientService.java:[135,35] cannot find symbol
  symbol:   method getBloodType()
  location: variable patient of type com.hospital.entity.Patient
[ERROR] /C:/Users/yaswa/Documents/HMS/hospital-management-system/src/main/java/com/hospital/service/PatientService.java:[136,32] cannot find symbol
  symbol:   method getGender()
  location: variable patient of type com.hospital.entity.Patient
[ERROR] /C:/Users/yaswa/Documents/HMS/hospital-management-system/src/main/java/com/hospital/service/PatientService.java:[137,35] cannot find symbol
  symbol:   method getCreatedAt()
  location: variable patient of type com.hospital.entity.Patient
[ERROR] /C:/Users/yaswa/Documents/HMS/hospital-management-system/src/main/java/com/hospital/service/PatientService.java:[138,35] cannot find symbol
  symbol:   method getUpdatedAt()
  location: variable patient of type com.hospital.entity.Patient
[ERROR] /C:/Users/yaswa/Documents/HMS/hospital-management-system/src/main/java/com/hospital/service/PatientService.java:[143,23] cannot find symbol
  symbol:   method builder()
  location: class com.hospital.entity.Patient
[ERROR] /C:/Users/yaswa/Documents/HMS/hospital-management-system/src/main/java/com/hospital/service/PatientService.java:[144,38] cannot find symbol
  symbol:   method getFirstName()
  location: variable patientDTO of type com.hospital.dto.PatientDTO
[ERROR] /C:/Users/yaswa/Documents/HMS/hospital-management-system/src/main/java/com/hospital/service/PatientService.java:[145,37] cannot find symbol
  symbol:   method getLastName()
  location: variable patientDTO of type com.hospital.dto.PatientDTO
[ERROR] /C:/Users/yaswa/Documents/HMS/hospital-management-system/src/main/java/com/hospital/service/PatientService.java:[146,34] cannot find symbol
  symbol:   method getEmail()
  location: variable patientDTO of type com.hospital.dto.PatientDTO
[ERROR] /C:/Users/yaswa/Documents/HMS/hospital-management-system/src/main/java/com/hospital/service/PatientService.java:[147,34] cannot find symbol
  symbol:   method getPhone()
  location: variable patientDTO of type com.hospital.dto.PatientDTO
[ERROR] /C:/Users/yaswa/Documents/HMS/hospital-management-system/src/main/java/com/hospital/service/PatientService.java:[148,36] cannot find symbol
  symbol:   method getAddress()
  location: variable patientDTO of type com.hospital.dto.PatientDTO
[ERROR] /C:/Users/yaswa/Documents/HMS/hospital-management-system/src/main/java/com/hospital/service/PatientService.java:[149,32] cannot find symbol
  symbol:   method getAge()
  location: variable patientDTO of type com.hospital.dto.PatientDTO
[ERROR] /C:/Users/yaswa/Documents/HMS/hospital-management-system/src/main/java/com/hospital/service/PatientService.java:[150,38] cannot find symbol
  symbol:   method getBloodType()
  location: variable patientDTO of type com.hospital.dto.PatientDTO
[ERROR] /C:/Users/yaswa/Documents/HMS/hospital-management-system/src/main/java/com/hospital/service/PatientService.java:[151,35] cannot find symbol
  symbol:   method getGender()
  location: variable patientDTO of type com.hospital.dto.PatientDTO
[ERROR] /C:/Users/yaswa/Documents/HMS/hospital-management-system/src/main/java/com/hospital/controller/MedicalRecordController.java:[34,9] cannot find symbol
  symbol:   variable log
  location: class com.hospital.controller.MedicalRecordController
[ERROR] /C:/Users/yaswa/Documents/HMS/hospital-management-system/src/main/java/com/hospital/controller/MedicalRecordController.java:[42,9] cannot find symbol
  symbol:   variable log
  location: class com.hospital.controller.MedicalRecordController
[ERROR] /C:/Users/yaswa/Documents/HMS/hospital-management-system/src/main/java/com/hospital/controller/MedicalRecordController.java:[52,9] cannot find symbol
  symbol:   variable log
  location: class com.hospital.controller.MedicalRecordController
[ERROR] /C:/Users/yaswa/Documents/HMS/hospital-management-system/src/main/java/com/hospital/controller/MedicalRecordController.java:[62,9] cannot find symbol
  symbol:   variable log
  location: class com.hospital.controller.MedicalRecordController
[ERROR] /C:/Users/yaswa/Documents/HMS/hospital-management-system/src/main/java/com/hospital/controller/MedicalRecordController.java:[72,9] cannot find symbol
  symbol:   variable log
  location: class com.hospital.controller.MedicalRecordController
[ERROR] /C:/Users/yaswa/Documents/HMS/hospital-management-system/src/main/java/com/hospital/controller/MedicalRecordController.java:[83,9] cannot find symbol
  symbol:   variable log
  location: class com.hospital.controller.MedicalRecordController
[ERROR] /C:/Users/yaswa/Documents/HMS/hospital-management-system/src/main/java/com/hospital/controller/MedicalRecordController.java:[91,9] cannot find symbol
  symbol:   variable log
  location: class com.hospital.controller.MedicalRecordController
[ERROR] /C:/Users/yaswa/Documents/HMS/hospital-management-system/src/main/java/com/hospital/service/MedicalRecordService.java:[39,9] cannot find symbol
  symbol:   variable log
  location: class com.hospital.service.MedicalRecordService
[ERROR] /C:/Users/yaswa/Documents/HMS/hospital-management-system/src/main/java/com/hospital/service/MedicalRecordService.java:[39,73] cannot find symbol
  symbol:   method getPatientId()
  location: variable recordDTO of type com.hospital.dto.MedicalRecordDTO
[ERROR] /C:/Users/yaswa/Documents/HMS/hospital-management-system/src/main/java/com/hospital/service/MedicalRecordService.java:[41,63] cannot find symbol
  symbol:   method getPatientId()
  location: variable recordDTO of type com.hospital.dto.MedicalRecordDTO
[ERROR] /C:/Users/yaswa/Documents/HMS/hospital-management-system/src/main/java/com/hospital/service/MedicalRecordService.java:[43,66] cannot find symbol
  symbol:   method getPatientId()
  location: variable recordDTO of type com.hospital.dto.MedicalRecordDTO
[ERROR] /C:/Users/yaswa/Documents/HMS/hospital-management-system/src/main/java/com/hospital/service/MedicalRecordService.java:[45,60] cannot find symbol
  symbol:   method getDoctorId()
  location: variable recordDTO of type com.hospital.dto.MedicalRecordDTO
[ERROR] /C:/Users/yaswa/Documents/HMS/hospital-management-system/src/main/java/com/hospital/service/MedicalRecordService.java:[47,65] cannot find symbol
  symbol:   method getDoctorId()
  location: variable recordDTO of type com.hospital.dto.MedicalRecordDTO
[ERROR] /C:/Users/yaswa/Documents/HMS/hospital-management-system/src/main/java/com/hospital/service/MedicalRecordService.java:[49,45] cannot find symbol
  symbol:   method builder()
  location: class com.hospital.entity.MedicalRecord
[ERROR] /C:/Users/yaswa/Documents/HMS/hospital-management-system/src/main/java/com/hospital/service/MedicalRecordService.java:[52,37] cannot find symbol
  symbol:   method getDiagnosis()
  location: variable recordDTO of type com.hospital.dto.MedicalRecordDTO
[ERROR] /C:/Users/yaswa/Documents/HMS/hospital-management-system/src/main/java/com/hospital/service/MedicalRecordService.java:[53,37] cannot find symbol
  symbol:   method getTreatment()
  location: variable recordDTO of type com.hospital.dto.MedicalRecordDTO
[ERROR] /C:/Users/yaswa/Documents/HMS/hospital-management-system/src/main/java/com/hospital/service/MedicalRecordService.java:[54,39] cannot find symbol
  symbol:   method getMedications()
  location: variable recordDTO of type com.hospital.dto.MedicalRecordDTO
[ERROR] /C:/Users/yaswa/Documents/HMS/hospital-management-system/src/main/java/com/hospital/service/MedicalRecordService.java:[55,33] cannot find symbol
  symbol:   method getNotes()
  location: variable recordDTO of type com.hospital.dto.MedicalRecordDTO
[ERROR] /C:/Users/yaswa/Documents/HMS/hospital-management-system/src/main/java/com/hospital/service/MedicalRecordService.java:[56,37] cannot find symbol
  symbol:   method getAllergies()
  location: variable recordDTO of type com.hospital.dto.MedicalRecordDTO
[ERROR] /C:/Users/yaswa/Documents/HMS/hospital-management-system/src/main/java/com/hospital/service/MedicalRecordService.java:[57,43] cannot find symbol
  symbol:   method getChronicDiseases()
  location: variable recordDTO of type com.hospital.dto.MedicalRecordDTO
[ERROR] /C:/Users/yaswa/Documents/HMS/hospital-management-system/src/main/java/com/hospital/service/MedicalRecordService.java:[61,9] cannot find symbol
  symbol:   variable log
  location: class com.hospital.service.MedicalRecordService
[ERROR] /C:/Users/yaswa/Documents/HMS/hospital-management-system/src/main/java/com/hospital/service/MedicalRecordService.java:[61,80] cannot find symbol
  symbol:   method getId()
  location: variable savedRecord of type com.hospital.entity.MedicalRecord
[ERROR] /C:/Users/yaswa/Documents/HMS/hospital-management-system/src/main/java/com/hospital/service/MedicalRecordService.java:[71,9] cannot find symbol
  symbol:   variable log
  location: class com.hospital.service.MedicalRecordService
[ERROR] /C:/Users/yaswa/Documents/HMS/hospital-management-system/src/main/java/com/hospital/service/MedicalRecordService.java:[85,9] cannot find symbol
  symbol:   variable log
  location: class com.hospital.service.MedicalRecordService
[ERROR] /C:/Users/yaswa/Documents/HMS/hospital-management-system/src/main/java/com/hospital/service/MedicalRecordService.java:[101,9] cannot find symbol
  symbol:   variable log
  location: class com.hospital.service.MedicalRecordService
[ERROR] /C:/Users/yaswa/Documents/HMS/hospital-management-system/src/main/java/com/hospital/service/MedicalRecordService.java:[119,9] cannot find symbol
  symbol:   variable log
  location: class com.hospital.service.MedicalRecordService
[ERROR] /C:/Users/yaswa/Documents/HMS/hospital-management-system/src/main/java/com/hospital/service/MedicalRecordService.java:[134,9] cannot find symbol
  symbol:   variable log
  location: class com.hospital.service.MedicalRecordService
[ERROR] /C:/Users/yaswa/Documents/HMS/hospital-management-system/src/main/java/com/hospital/service/MedicalRecordService.java:[140,38] cannot find symbol
  symbol:   method getDiagnosis()
  location: variable recordDTO of type com.hospital.dto.MedicalRecordDTO
[ERROR] /C:/Users/yaswa/Documents/HMS/hospital-management-system/src/main/java/com/hospital/service/MedicalRecordService.java:[141,38] cannot find symbol
  symbol:   method getTreatment()
  location: variable recordDTO of type com.hospital.dto.MedicalRecordDTO
[ERROR] /C:/Users/yaswa/Documents/HMS/hospital-management-system/src/main/java/com/hospital/service/MedicalRecordService.java:[142,40] cannot find symbol
  symbol:   method getMedications()
  location: variable recordDTO of type com.hospital.dto.MedicalRecordDTO
[ERROR] /C:/Users/yaswa/Documents/HMS/hospital-management-system/src/main/java/com/hospital/service/MedicalRecordService.java:[143,34] cannot find symbol
  symbol:   method getNotes()
  location: variable recordDTO of type com.hospital.dto.MedicalRecordDTO
[ERROR] /C:/Users/yaswa/Documents/HMS/hospital-management-system/src/main/java/com/hospital/service/MedicalRecordService.java:[144,38] cannot find symbol
  symbol:   method getAllergies()
  location: variable recordDTO of type com.hospital.dto.MedicalRecordDTO
[ERROR] /C:/Users/yaswa/Documents/HMS/hospital-management-system/src/main/java/com/hospital/service/MedicalRecordService.java:[145,44] cannot find symbol
  symbol:   method getChronicDiseases()
  location: variable recordDTO of type com.hospital.dto.MedicalRecordDTO
[ERROR] /C:/Users/yaswa/Documents/HMS/hospital-management-system/src/main/java/com/hospital/service/MedicalRecordService.java:[148,9] cannot find symbol
  symbol:   variable log
  location: class com.hospital.service.MedicalRecordService
[ERROR] /C:/Users/yaswa/Documents/HMS/hospital-management-system/src/main/java/com/hospital/service/MedicalRecordService.java:[157,9] cannot find symbol
  symbol:   variable log
  location: class com.hospital.service.MedicalRecordService
[ERROR] /C:/Users/yaswa/Documents/HMS/hospital-management-system/src/main/java/com/hospital/service/MedicalRecordService.java:[164,9] cannot find symbol
  symbol:   variable log
  location: class com.hospital.service.MedicalRecordService
[ERROR] /C:/Users/yaswa/Documents/HMS/hospital-management-system/src/main/java/com/hospital/service/MedicalRecordService.java:[169,32] cannot find symbol
  symbol:   method builder()
  location: class com.hospital.dto.MedicalRecordDTO
[ERROR] /C:/Users/yaswa/Documents/HMS/hospital-management-system/src/main/java/com/hospital/service/MedicalRecordService.java:[170,27] cannot find symbol
  symbol:   method getId()
  location: variable record of type com.hospital.entity.MedicalRecord
[ERROR] /C:/Users/yaswa/Documents/HMS/hospital-management-system/src/main/java/com/hospital/service/MedicalRecordService.java:[171,34] cannot find symbol
  symbol:   method getPatient()
  location: variable record of type com.hospital.entity.MedicalRecord
[INFO] 100 errors 
[INFO] -------------------------------------------------------------
[INFO] ------------------------------------------------------------------------
[INFO] BUILD FAILURE
[INFO] ------------------------------------------------------------------------
[INFO] Total time:  3.567 s
[INFO] Finished at: 2025-12-08T02:21:38+05:30
[INFO] ------------------------------------------------------------------------
[ERROR] Failed to execute goal org.apache.maven.plugins:maven-compiler-plugin:3.11.0:compile (default-compile) on project hospital-management-system: Compilation failure: Compilation failure: 
[ERROR] /C:/Users/yaswa/Documents/HMS/hospital-management-system/src/main/java/com/hospital/exception/GlobalExceptionHandler.java:[26,9] cannot find symbol
[ERROR]   symbol:   variable log
[ERROR]   location: class com.hospital.exception.GlobalExceptionHandler
[ERROR] /C:/Users/yaswa/Documents/HMS/hospital-management-system/src/main/java/com/hospital/exception/GlobalExceptionHandler.java:[28,52] cannot find symbol
[ERROR]   symbol:   method builder()
[ERROR]   location: class com.hospital.exception.ErrorResponse
[ERROR] /C:/Users/yaswa/Documents/HMS/hospital-management-system/src/main/java/com/hospital/exception/GlobalExceptionHandler.java:[41,9] cannot find symbol
[ERROR]   symbol:   variable log
[ERROR]   location: class com.hospital.exception.GlobalExceptionHandler
[ERROR] /C:/Users/yaswa/Documents/HMS/hospital-management-system/src/main/java/com/hospital/exception/GlobalExceptionHandler.java:[43,52] cannot find symbol
[ERROR]   symbol:   method builder()
[ERROR]   location: class com.hospital.exception.ErrorResponse
[ERROR] /C:/Users/yaswa/Documents/HMS/hospital-management-system/src/main/java/com/hospital/exception/GlobalExceptionHandler.java:[56,9] cannot find symbol
[ERROR]   symbol:   variable log
[ERROR]   location: class com.hospital.exception.GlobalExceptionHandler
[ERROR] /C:/Users/yaswa/Documents/HMS/hospital-management-system/src/main/java/com/hospital/exception/GlobalExceptionHandler.java:[58,52] cannot find symbol
[ERROR]   symbol:   method builder()
[ERROR]   location: class com.hospital.exception.ErrorResponse
[ERROR] /C:/Users/yaswa/Documents/HMS/hospital-management-system/src/main/java/com/hospital/exception/GlobalExceptionHandler.java:[71,9] cannot find symbol
[ERROR]   symbol:   variable log
[ERROR]   location: class com.hospital.exception.GlobalExceptionHandler
[ERROR] /C:/Users/yaswa/Documents/HMS/hospital-management-system/src/main/java/com/hospital/exception/GlobalExceptionHandler.java:[80,52] cannot find symbol
[ERROR]   symbol:   method builder()
[ERROR]   location: class com.hospital.exception.ErrorResponse
[ERROR] /C:/Users/yaswa/Documents/HMS/hospital-management-system/src/main/java/com/hospital/exception/GlobalExceptionHandler.java:[94,9] cannot find symbol
[ERROR]   symbol:   variable log
[ERROR]   location: class com.hospital.exception.GlobalExceptionHandler
[ERROR] /C:/Users/yaswa/Documents/HMS/hospital-management-system/src/main/java/com/hospital/exception/GlobalExceptionHandler.java:[96,52] cannot find symbol
[ERROR]   symbol:   method builder()
[ERROR]   location: class com.hospital.exception.ErrorResponse
[ERROR] /C:/Users/yaswa/Documents/HMS/hospital-management-system/src/main/java/com/hospital/controller/PatientController.java:[31,9] cannot find symbol
[ERROR]   symbol:   variable log
[ERROR]   location: class com.hospital.controller.PatientController
[ERROR] /C:/Users/yaswa/Documents/HMS/hospital-management-system/src/main/java/com/hospital/controller/PatientController.java:[39,9] cannot find symbol
[ERROR]   symbol:   variable log
[ERROR]   location: class com.hospital.controller.PatientController
[ERROR] /C:/Users/yaswa/Documents/HMS/hospital-management-system/src/main/java/com/hospital/controller/PatientController.java:[47,9] cannot find symbol
[ERROR]   symbol:   variable log
[ERROR]   location: class com.hospital.controller.PatientController
[ERROR] /C:/Users/yaswa/Documents/HMS/hospital-management-system/src/main/java/com/hospital/controller/PatientController.java:[57,9] cannot find symbol
[ERROR]   symbol:   variable log
[ERROR]   location: class com.hospital.controller.PatientController
[ERROR] /C:/Users/yaswa/Documents/HMS/hospital-management-system/src/main/java/com/hospital/controller/PatientController.java:[65,9] cannot find symbol
[ERROR]   symbol:   variable log
[ERROR]   location: class com.hospital.controller.PatientController
[ERROR] /C:/Users/yaswa/Documents/HMS/hospital-management-system/src/main/java/com/hospital/controller/PatientController.java:[73,9] cannot find symbol
[ERROR]   symbol:   variable log
[ERROR]   location: class com.hospital.controller.PatientController
[ERROR] /C:/Users/yaswa/Documents/HMS/hospital-management-system/src/main/java/com/hospital/service/PatientService.java:[33,9] cannot find symbol
[ERROR]   symbol:   variable log
[ERROR]   location: class com.hospital.service.PatientService
[ERROR] /C:/Users/yaswa/Documents/HMS/hospital-management-system/src/main/java/com/hospital/service/PatientService.java:[33,56] cannot find symbol
[ERROR]   symbol:   method getEmail()
[ERROR]   location: variable patientDTO of type com.hospital.dto.PatientDTO
[ERROR] /C:/Users/yaswa/Documents/HMS/hospital-management-system/src/main/java/com/hospital/service/PatientService.java:[36,53] cannot find symbol
[ERROR]   symbol:   method getEmail()
[ERROR]   location: variable patientDTO of type com.hospital.dto.PatientDTO
[ERROR] /C:/Users/yaswa/Documents/HMS/hospital-management-system/src/main/java/com/hospital/service/PatientService.java:[37,84] cannot find symbol
[ERROR]   symbol:   method getEmail()
[ERROR]   location: variable patientDTO of type com.hospital.dto.PatientDTO
[ERROR] /C:/Users/yaswa/Documents/HMS/hospital-management-system/src/main/java/com/hospital/service/PatientService.java:[41,23] cannot find symbol
[ERROR]   symbol:   method getPhone()
[ERROR]   location: variable patientDTO of type com.hospital.dto.PatientDTO
[ERROR] /C:/Users/yaswa/Documents/HMS/hospital-management-system/src/main/java/com/hospital/service/PatientService.java:[41,86] cannot find symbol
[ERROR]   symbol:   method getPhone()
[ERROR]   location: variable patientDTO of type com.hospital.dto.PatientDTO
[ERROR] /C:/Users/yaswa/Documents/HMS/hospital-management-system/src/main/java/com/hospital/service/PatientService.java:[42,84] cannot find symbol
[ERROR]   symbol:   method getPhone()
[ERROR]   location: variable patientDTO of type com.hospital.dto.PatientDTO
[ERROR] /C:/Users/yaswa/Documents/HMS/hospital-management-system/src/main/java/com/hospital/service/PatientService.java:[48,9] cannot find symbol
[ERROR]   symbol:   variable log
[ERROR]   location: class com.hospital.service.PatientService
[ERROR] /C:/Users/yaswa/Documents/HMS/hospital-management-system/src/main/java/com/hospital/service/PatientService.java:[48,74] cannot find symbol
[ERROR]   symbol:   method getId()
[ERROR]   location: variable savedPatient of type com.hospital.entity.Patient
[ERROR] /C:/Users/yaswa/Documents/HMS/hospital-management-system/src/main/java/com/hospital/service/PatientService.java:[57,9] cannot find symbol
[ERROR]   symbol:   variable log
[ERROR]   location: class com.hospital.service.PatientService
[ERROR] /C:/Users/yaswa/Documents/HMS/hospital-management-system/src/main/java/com/hospital/service/PatientService.java:[70,9] cannot find symbol
[ERROR]   symbol:   variable log
[ERROR]   location: class com.hospital.service.PatientService
[ERROR] /C:/Users/yaswa/Documents/HMS/hospital-management-system/src/main/java/com/hospital/service/PatientService.java:[78,9] cannot find symbol
[ERROR]   symbol:   variable log
[ERROR]   location: class com.hospital.service.PatientService
[ERROR] /C:/Users/yaswa/Documents/HMS/hospital-management-system/src/main/java/com/hospital/service/PatientService.java:[84,40] cannot find symbol
[ERROR]   symbol:   method getFirstName()
[ERROR]   location: variable patientDTO of type com.hospital.dto.PatientDTO
[ERROR] /C:/Users/yaswa/Documents/HMS/hospital-management-system/src/main/java/com/hospital/service/PatientService.java:[85,39] cannot find symbol
[ERROR]   symbol:   method getLastName()
[ERROR]   location: variable patientDTO of type com.hospital.dto.PatientDTO
[ERROR] /C:/Users/yaswa/Documents/HMS/hospital-management-system/src/main/java/com/hospital/service/PatientService.java:[86,36] cannot find symbol
[ERROR]   symbol:   method getEmail()
[ERROR]   location: variable patientDTO of type com.hospital.dto.PatientDTO
[ERROR] /C:/Users/yaswa/Documents/HMS/hospital-management-system/src/main/java/com/hospital/service/PatientService.java:[87,36] cannot find symbol
[ERROR]   symbol:   method getPhone()
[ERROR]   location: variable patientDTO of type com.hospital.dto.PatientDTO
[ERROR] /C:/Users/yaswa/Documents/HMS/hospital-management-system/src/main/java/com/hospital/service/PatientService.java:[88,38] cannot find symbol
[ERROR]   symbol:   method getAddress()
[ERROR]   location: variable patientDTO of type com.hospital.dto.PatientDTO
[ERROR] /C:/Users/yaswa/Documents/HMS/hospital-management-system/src/main/java/com/hospital/service/PatientService.java:[89,34] cannot find symbol
[ERROR]   symbol:   method getAge()
[ERROR]   location: variable patientDTO of type com.hospital.dto.PatientDTO
[ERROR] /C:/Users/yaswa/Documents/HMS/hospital-management-system/src/main/java/com/hospital/service/PatientService.java:[90,40] cannot find symbol
[ERROR]   symbol:   method getBloodType()
[ERROR]   location: variable patientDTO of type com.hospital.dto.PatientDTO
[ERROR] /C:/Users/yaswa/Documents/HMS/hospital-management-system/src/main/java/com/hospital/service/PatientService.java:[91,37] cannot find symbol
[ERROR]   symbol:   method getGender()
[ERROR]   location: variable patientDTO of type com.hospital.dto.PatientDTO
[ERROR] /C:/Users/yaswa/Documents/HMS/hospital-management-system/src/main/java/com/hospital/service/PatientService.java:[94,9] cannot find symbol
[ERROR]   symbol:   variable log
[ERROR]   location: class com.hospital.service.PatientService
[ERROR] /C:/Users/yaswa/Documents/HMS/hospital-management-system/src/main/java/com/hospital/service/PatientService.java:[103,9] cannot find symbol
[ERROR]   symbol:   variable log
[ERROR]   location: class com.hospital.service.PatientService
[ERROR] /C:/Users/yaswa/Documents/HMS/hospital-management-system/src/main/java/com/hospital/service/PatientService.java:[109,9] cannot find symbol
[ERROR]   symbol:   variable log
[ERROR]   location: class com.hospital.service.PatientService
[ERROR] /C:/Users/yaswa/Documents/HMS/hospital-management-system/src/main/java/com/hospital/service/PatientService.java:[117,9] cannot find symbol
[ERROR]   symbol:   variable log
[ERROR]   location: class com.hospital.service.PatientService
[ERROR] /C:/Users/yaswa/Documents/HMS/hospital-management-system/src/main/java/com/hospital/service/PatientService.java:[127,26] cannot find symbol
[ERROR]   symbol:   method builder()
[ERROR]   location: class com.hospital.dto.PatientDTO
[ERROR] /C:/Users/yaswa/Documents/HMS/hospital-management-system/src/main/java/com/hospital/service/PatientService.java:[128,28] cannot find symbol
[ERROR]   symbol:   method getId()
[ERROR]   location: variable patient of type com.hospital.entity.Patient
[ERROR] /C:/Users/yaswa/Documents/HMS/hospital-management-system/src/main/java/com/hospital/service/PatientService.java:[129,35] cannot find symbol
[ERROR]   symbol:   method getFirstName()
[ERROR]   location: variable patient of type com.hospital.entity.Patient
[ERROR] /C:/Users/yaswa/Documents/HMS/hospital-management-system/src/main/java/com/hospital/service/PatientService.java:[130,34] cannot find symbol
[ERROR]   symbol:   method getLastName()
[ERROR]   location: variable patient of type com.hospital.entity.Patient
[ERROR] /C:/Users/yaswa/Documents/HMS/hospital-management-system/src/main/java/com/hospital/service/PatientService.java:[131,31] cannot find symbol
[ERROR]   symbol:   method getEmail()
[ERROR]   location: variable patient of type com.hospital.entity.Patient
[ERROR] /C:/Users/yaswa/Documents/HMS/hospital-management-system/src/main/java/com/hospital/service/PatientService.java:[132,31] cannot find symbol
[ERROR]   symbol:   method getPhone()
[ERROR]   location: variable patient of type com.hospital.entity.Patient
[ERROR] /C:/Users/yaswa/Documents/HMS/hospital-management-system/src/main/java/com/hospital/service/PatientService.java:[133,33] cannot find symbol
[ERROR]   symbol:   method getAddress()
[ERROR]   location: variable patient of type com.hospital.entity.Patient
[ERROR] /C:/Users/yaswa/Documents/HMS/hospital-management-system/src/main/java/com/hospital/service/PatientService.java:[134,29] cannot find symbol
[ERROR]   symbol:   method getAge()
[ERROR]   location: variable patient of type com.hospital.entity.Patient
[ERROR] /C:/Users/yaswa/Documents/HMS/hospital-management-system/src/main/java/com/hospital/service/PatientService.java:[135,35] cannot find symbol
[ERROR]   symbol:   method getBloodType()
[ERROR]   location: variable patient of type com.hospital.entity.Patient
[ERROR] /C:/Users/yaswa/Documents/HMS/hospital-management-system/src/main/java/com/hospital/service/PatientService.java:[136,32] cannot find symbol
[ERROR]   symbol:   method getGender()
[ERROR]   location: variable patient of type com.hospital.entity.Patient
[ERROR] /C:/Users/yaswa/Documents/HMS/hospital-management-system/src/main/java/com/hospital/service/PatientService.java:[137,35] cannot find symbol
[ERROR]   symbol:   method getCreatedAt()
[ERROR]   location: variable patient of type com.hospital.entity.Patient
[ERROR] /C:/Users/yaswa/Documents/HMS/hospital-management-system/src/main/java/com/hospital/service/PatientService.java:[138,35] cannot find symbol
[ERROR]   symbol:   method getUpdatedAt()
[ERROR]   location: variable patient of type com.hospital.entity.Patient
[ERROR] /C:/Users/yaswa/Documents/HMS/hospital-management-system/src/main/java/com/hospital/service/PatientService.java:[143,23] cannot find symbol
[ERROR]   symbol:   method builder()
[ERROR]   location: class com.hospital.entity.Patient
[ERROR] /C:/Users/yaswa/Documents/HMS/hospital-management-system/src/main/java/com/hospital/service/PatientService.java:[144,38] cannot find symbol
[ERROR]   symbol:   method getFirstName()
[ERROR]   location: variable patientDTO of type com.hospital.dto.PatientDTO
[ERROR] /C:/Users/yaswa/Documents/HMS/hospital-management-system/src/main/java/com/hospital/service/PatientService.java:[145,37] cannot find symbol
[ERROR]   symbol:   method getLastName()
[ERROR]   location: variable patientDTO of type com.hospital.dto.PatientDTO
[ERROR] /C:/Users/yaswa/Documents/HMS/hospital-management-system/src/main/java/com/hospital/service/PatientService.java:[146,34] cannot find symbol
[ERROR]   symbol:   method getEmail()
[ERROR]   location: variable patientDTO of type com.hospital.dto.PatientDTO
[ERROR] /C:/Users/yaswa/Documents/HMS/hospital-management-system/src/main/java/com/hospital/service/PatientService.java:[147,34] cannot find symbol
[ERROR]   symbol:   method getPhone()
[ERROR]   location: variable patientDTO of type com.hospital.dto.PatientDTO
[ERROR] /C:/Users/yaswa/Documents/HMS/hospital-management-system/src/main/java/com/hospital/service/PatientService.java:[148,36] cannot find symbol
[ERROR]   symbol:   method getAddress()
[ERROR]   location: variable patientDTO of type com.hospital.dto.PatientDTO
[ERROR] /C:/Users/yaswa/Documents/HMS/hospital-management-system/src/main/java/com/hospital/service/PatientService.java:[149,32] cannot find symbol
[ERROR]   symbol:   method getAge()
[ERROR]   location: variable patientDTO of type com.hospital.dto.PatientDTO
[ERROR] /C:/Users/yaswa/Documents/HMS/hospital-management-system/src/main/java/com/hospital/service/PatientService.java:[150,38] cannot find symbol
[ERROR]   symbol:   method getBloodType()
[ERROR]   location: variable patientDTO of type com.hospital.dto.PatientDTO
[ERROR] /C:/Users/yaswa/Documents/HMS/hospital-management-system/src/main/java/com/hospital/service/PatientService.java:[151,35] cannot find symbol
[ERROR]   symbol:   method getGender()
[ERROR]   location: variable patientDTO of type com.hospital.dto.PatientDTO
[ERROR] /C:/Users/yaswa/Documents/HMS/hospital-management-system/src/main/java/com/hospital/controller/MedicalRecordController.java:[34,9] cannot find symbol
[ERROR]   symbol:   variable log
[ERROR]   location: class com.hospital.controller.MedicalRecordController
[ERROR] /C:/Users/yaswa/Documents/HMS/hospital-management-system/src/main/java/com/hospital/controller/MedicalRecordController.java:[42,9] cannot find symbol
[ERROR]   symbol:   variable log
[ERROR]   location: class com.hospital.controller.MedicalRecordController
[ERROR] /C:/Users/yaswa/Documents/HMS/hospital-management-system/src/main/java/com/hospital/controller/MedicalRecordController.java:[52,9] cannot find symbol
[ERROR]   symbol:   variable log
[ERROR]   location: class com.hospital.controller.MedicalRecordController
[ERROR] /C:/Users/yaswa/Documents/HMS/hospital-management-system/src/main/java/com/hospital/controller/MedicalRecordController.java:[62,9] cannot find symbol
[ERROR]   symbol:   variable log
[ERROR]   location: class com.hospital.controller.MedicalRecordController
[ERROR] /C:/Users/yaswa/Documents/HMS/hospital-management-system/src/main/java/com/hospital/controller/MedicalRecordController.java:[72,9] cannot find symbol
[ERROR]   symbol:   variable log
[ERROR]   location: class com.hospital.controller.MedicalRecordController
[ERROR] /C:/Users/yaswa/Documents/HMS/hospital-management-system/src/main/java/com/hospital/controller/MedicalRecordController.java:[83,9] cannot find symbol
[ERROR]   symbol:   variable log
[ERROR]   location: class com.hospital.controller.MedicalRecordController
[ERROR] /C:/Users/yaswa/Documents/HMS/hospital-management-system/src/main/java/com/hospital/controller/MedicalRecordController.java:[91,9] cannot find symbol
[ERROR]   symbol:   variable log
[ERROR]   location: class com.hospital.controller.MedicalRecordController
[ERROR] /C:/Users/yaswa/Documents/HMS/hospital-management-system/src/main/java/com/hospital/service/MedicalRecordService.java:[39,9] cannot find symbol
[ERROR]   symbol:   variable log
[ERROR]   location: class com.hospital.service.MedicalRecordService
[ERROR] /C:/Users/yaswa/Documents/HMS/hospital-management-system/src/main/java/com/hospital/service/MedicalRecordService.java:[39,73] cannot find symbol
[ERROR]   symbol:   method getPatientId()
[ERROR]   location: variable recordDTO of type com.hospital.dto.MedicalRecordDTO
[ERROR] /C:/Users/yaswa/Documents/HMS/hospital-management-system/src/main/java/com/hospital/service/MedicalRecordService.java:[41,63] cannot find symbol
[ERROR]   symbol:   method getPatientId()
[ERROR]   location: variable recordDTO of type com.hospital.dto.MedicalRecordDTO
[ERROR] /C:/Users/yaswa/Documents/HMS/hospital-management-system/src/main/java/com/hospital/service/MedicalRecordService.java:[43,66] cannot find symbol
[ERROR]   symbol:   method getPatientId()
[ERROR]   location: variable recordDTO of type com.hospital.dto.MedicalRecordDTO
[ERROR] /C:/Users/yaswa/Documents/HMS/hospital-management-system/src/main/java/com/hospital/service/MedicalRecordService.java:[45,60] cannot find symbol
[ERROR]   symbol:   method getDoctorId()
[ERROR]   location: variable recordDTO of type com.hospital.dto.MedicalRecordDTO
[ERROR] /C:/Users/yaswa/Documents/HMS/hospital-management-system/src/main/java/com/hospital/service/MedicalRecordService.java:[47,65] cannot find symbol
[ERROR]   symbol:   method getDoctorId()
[ERROR]   location: variable recordDTO of type com.hospital.dto.MedicalRecordDTO
[ERROR] /C:/Users/yaswa/Documents/HMS/hospital-management-system/src/main/java/com/hospital/service/MedicalRecordService.java:[49,45] cannot find symbol
[ERROR]   symbol:   method builder()
[ERROR]   location: class com.hospital.entity.MedicalRecord
[ERROR] /C:/Users/yaswa/Documents/HMS/hospital-management-system/src/main/java/com/hospital/service/MedicalRecordService.java:[52,37] cannot find symbol
[ERROR]   symbol:   method getDiagnosis()
[ERROR]   location: variable recordDTO of type com.hospital.dto.MedicalRecordDTO
[ERROR] /C:/Users/yaswa/Documents/HMS/hospital-management-system/src/main/java/com/hospital/service/MedicalRecordService.java:[53,37] cannot find symbol
[ERROR]   symbol:   method getTreatment()
[ERROR]   location: variable recordDTO of type com.hospital.dto.MedicalRecordDTO
[ERROR] /C:/Users/yaswa/Documents/HMS/hospital-management-system/src/main/java/com/hospital/service/MedicalRecordService.java:[54,39] cannot find symbol
[ERROR]   symbol:   method getMedications()
[ERROR]   location: variable recordDTO of type com.hospital.dto.MedicalRecordDTO
[ERROR] /C:/Users/yaswa/Documents/HMS/hospital-management-system/src/main/java/com/hospital/service/MedicalRecordService.java:[55,33] cannot find symbol
[ERROR]   symbol:   method getNotes()
[ERROR]   location: variable recordDTO of type com.hospital.dto.MedicalRecordDTO
[ERROR] /C:/Users/yaswa/Documents/HMS/hospital-management-system/src/main/java/com/hospital/service/MedicalRecordService.java:[56,37] cannot find symbol
[ERROR]   symbol:   method getAllergies()
[ERROR]   location: variable recordDTO of type com.hospital.dto.MedicalRecordDTO
[ERROR] /C:/Users/yaswa/Documents/HMS/hospital-management-system/src/main/java/com/hospital/service/MedicalRecordService.java:[57,43] cannot find symbol
[ERROR]   symbol:   method getChronicDiseases()
[ERROR]   location: variable recordDTO of type com.hospital.dto.MedicalRecordDTO
[ERROR] /C:/Users/yaswa/Documents/HMS/hospital-management-system/src/main/java/com/hospital/service/MedicalRecordService.java:[61,9] cannot find symbol
[ERROR]   symbol:   variable log
[ERROR]   location: class com.hospital.service.MedicalRecordService
[ERROR] /C:/Users/yaswa/Documents/HMS/hospital-management-system/src/main/java/com/hospital/service/MedicalRecordService.java:[61,80] cannot find symbol
[ERROR]   symbol:   method getId()
[ERROR]   location: variable savedRecord of type com.hospital.entity.MedicalRecord
[ERROR] /C:/Users/yaswa/Documents/HMS/hospital-management-system/src/main/java/com/hospital/service/MedicalRecordService.java:[71,9] cannot find symbol
[ERROR]   symbol:   variable log
[ERROR]   location: class com.hospital.service.MedicalRecordService
[ERROR] /C:/Users/yaswa/Documents/HMS/hospital-management-system/src/main/java/com/hospital/service/MedicalRecordService.java:[85,9] cannot find symbol
[ERROR]   symbol:   variable log
[ERROR]   location: class com.hospital.service.MedicalRecordService
[ERROR] /C:/Users/yaswa/Documents/HMS/hospital-management-system/src/main/java/com/hospital/service/MedicalRecordService.java:[101,9] cannot find symbol
[ERROR]   symbol:   variable log
[ERROR]   location: class com.hospital.service.MedicalRecordService
[ERROR] /C:/Users/yaswa/Documents/HMS/hospital-management-system/src/main/java/com/hospital/service/MedicalRecordService.java:[119,9] cannot find symbol
[ERROR]   symbol:   variable log
[ERROR]   location: class com.hospital.service.MedicalRecordService
[ERROR] /C:/Users/yaswa/Documents/HMS/hospital-management-system/src/main/java/com/hospital/service/MedicalRecordService.java:[134,9] cannot find symbol
[ERROR]   symbol:   variable log
[ERROR]   location: class com.hospital.service.MedicalRecordService
[ERROR] /C:/Users/yaswa/Documents/HMS/hospital-management-system/src/main/java/com/hospital/service/MedicalRecordService.java:[140,38] cannot find symbol
[ERROR]   symbol:   method getDiagnosis()
[ERROR]   location: variable recordDTO of type com.hospital.dto.MedicalRecordDTO
[ERROR] /C:/Users/yaswa/Documents/HMS/hospital-management-system/src/main/java/com/hospital/service/MedicalRecordService.java:[141,38] cannot find symbol
[ERROR]   symbol:   method getTreatment()
[ERROR]   location: variable recordDTO of type com.hospital.dto.MedicalRecordDTO
[ERROR] /C:/Users/yaswa/Documents/HMS/hospital-management-system/src/main/java/com/hospital/service/MedicalRecordService.java:[142,40] cannot find symbol
[ERROR]   symbol:   method getMedications()
[ERROR]   location: variable recordDTO of type com.hospital.dto.MedicalRecordDTO
[ERROR] /C:/Users/yaswa/Documents/HMS/hospital-management-system/src/main/java/com/hospital/service/MedicalRecordService.java:[143,34] cannot find symbol
[ERROR]   symbol:   method getNotes()
[ERROR]   location: variable recordDTO of type com.hospital.dto.MedicalRecordDTO
[ERROR] /C:/Users/yaswa/Documents/HMS/hospital-management-system/src/main/java/com/hospital/service/MedicalRecordService.java:[144,38] cannot find symbol
[ERROR]   symbol:   method getAllergies()
[ERROR]   location: variable recordDTO of type com.hospital.dto.MedicalRecordDTO
[ERROR] /C:/Users/yaswa/Documents/HMS/hospital-management-system/src/main/java/com/hospital/service/MedicalRecordService.java:[145,44] cannot find symbol
[ERROR]   symbol:   method getChronicDiseases()
[ERROR]   location: variable recordDTO of type com.hospital.dto.MedicalRecordDTO
[ERROR] /C:/Users/yaswa/Documents/HMS/hospital-management-system/src/main/java/com/hospital/service/MedicalRecordService.java:[148,9] cannot find symbol
[ERROR]   symbol:   variable log
[ERROR]   location: class com.hospital.service.MedicalRecordService
[ERROR] /C:/Users/yaswa/Documents/HMS/hospital-management-system/src/main/java/com/hospital/service/MedicalRecordService.java:[157,9] cannot find symbol
[ERROR]   symbol:   variable log
[ERROR]   location: class com.hospital.service.MedicalRecordService
[ERROR] /C:/Users/yaswa/Documents/HMS/hospital-management-system/src/main/java/com/hospital/service/MedicalRecordService.java:[164,9] cannot find symbol
[ERROR]   symbol:   variable log
[ERROR]   location: class com.hospital.service.MedicalRecordService
[ERROR] /C:/Users/yaswa/Documents/HMS/hospital-management-system/src/main/java/com/hospital/service/MedicalRecordService.java:[169,32] cannot find symbol
[ERROR]   symbol:   method builder()
[ERROR]   location: class com.hospital.dto.MedicalRecordDTO
[ERROR] /C:/Users/yaswa/Documents/HMS/hospital-management-system/src/main/java/com/hospital/service/MedicalRecordService.java:[170,27] cannot find symbol
[ERROR]   symbol:   method getId()
[ERROR]   location: variable record of type com.hospital.entity.MedicalRecord
[ERROR] /C:/Users/yaswa/Documents/HMS/hospital-management-system/src/main/java/com/hospital/service/MedicalRecordService.java:[171,34] cannot find symbol
[ERROR]   symbol:   method getPatient()
[ERROR]   location: variable record of type com.hospital.entity.MedicalRecord
[ERROR] -> [Help 1]
[ERROR] 
[ERROR] To see the full stack trace of the errors, re-run Maven with the -e switch.
[ERROR] Re-run Maven using the -X switch to enable full debug logging.
[ERROR] 
[ERROR] For more information about the errors and possible solutions, please read the following articles:
[ERROR] [Help 1] http://cwiki.apache.org/confluence/display/MAVEN/MojoFailureException
